client/src/components/BackgroundProcessingToaster.tsx(26,16): error TS2339: Property 'items' does not exist on type '{ id: number; nome: string; tipoArquivo: "csv" | "pdf" | "xml" | "excel"; direcao: "enviado" | "retornado"; convenioId: number; estabelecimentoId: number | null; userId: number; s3Key: string; ... 9 more ...; updatedAt: Date; }[]'.
client/src/components/BackgroundProcessingToaster.tsx(31,10): error TS2339: Property 'items' does not exist on type '{ id: number; nome: string; tipoArquivo: "csv" | "pdf" | "xml" | "excel"; direcao: "enviado" | "retornado"; convenioId: number; estabelecimentoId: number | null; userId: number; s3Key: string; ... 9 more ...; updatedAt: Date; }[]'.
client/src/components/BackgroundProcessingToaster.tsx(71,13): error TS2339: Property 'items' does not exist on type '{ id: number; nome: string; tipoArquivo: "csv" | "pdf" | "xml" | "excel"; direcao: "enviado" | "retornado"; convenioId: number; estabelecimentoId: number | null; userId: number; s3Key: string; ... 9 more ...; updatedAt: Date; }[]'.
client/src/components/QueryConfigForm.tsx(58,5): error TS2322: Type 'Resolver<{ sistema: "tasy" | "warleine" | "omni" | "gesthor"; host: string; port: unknown; database: string; user: string; password: string; }, any, { sistema: "tasy" | "warleine" | "omni" | "gesthor"; ... 4 more ...; password: string; }>' is not assignable to type 'Resolver<{ sistema: "tasy" | "warleine" | "omni" | "gesthor"; host: string; port: number; database: string; user: string; password: string; }, any, { sistema: "tasy" | "warleine" | "omni" | "gesthor"; ... 4 more ...; password: string; }>'.
  Types of parameters 'options' and 'options' are incompatible.
    Type 'ResolverOptions<{ sistema: "tasy" | "warleine" | "omni" | "gesthor"; host: string; port: number; database: string; user: string; password: string; }>' is not assignable to type 'ResolverOptions<{ sistema: "tasy" | "warleine" | "omni" | "gesthor"; host: string; port: unknown; database: string; user: string; password: string; }>'.
      Type 'unknown' is not assignable to type 'number'.
client/src/pages/PrevisaoRecebimentos.tsx(202,24): error TS18048: 'resumoFiltrado.totalFaturado' is possibly 'undefined'.
client/src/pages/PrevisaoRecebimentos.tsx(202,64): error TS18048: 'resumoFiltrado.totalProjetado' is possibly 'undefined'.
client/src/pages/PrevisaoRecebimentos.tsx(202,96): error TS18048: 'resumoFiltrado.totalFaturado' is possibly 'undefined'.
client/src/pages/RelatorioProtocolos.tsx(271,78): error TS18048: 'data.kpis' is possibly 'undefined'.
client/src/pages/RelatorioProtocolos.tsx(271,114): error TS18048: 'data.kpis' is possibly 'undefined'.
client/src/pages/RelatorioProtocolos.tsx(272,58): error TS18048: 'data.kpis' is possibly 'undefined'.
client/src/pages/RelatorioProtocolos.tsx(273,58): error TS18048: 'data.kpis' is possibly 'undefined'.
client/src/pages/RelatorioProtocolos.tsx(274,57): error TS18048: 'data.kpis' is possibly 'undefined'.
client/src/pages/RelatorioProtocolos.tsx(291,68): error TS18048: 'data.kpis' is possibly 'undefined'.
client/src/pages/RelatorioProtocolos.tsx(360,59): error TS18048: 'previsaoData.resumo.totalFaturado' is possibly 'undefined'.
client/src/pages/RelatorioProtocolos.tsx(360,104): error TS18048: 'previsaoData.resumo.totalProjetado' is possibly 'undefined'.
client/src/pages/RelatorioProtocolos.tsx(360,141): error TS18048: 'previsaoData.resumo.totalFaturado' is possibly 'undefined'.
client/src/pages/RelatorioProtocolos.tsx(498,42): error TS18048: 'data.kpis' is possibly 'undefined'.
client/src/pages/RelatorioProtocolos.tsx(498,83): error TS18048: 'data.kpis' is possibly 'undefined'.
client/src/pages/RelatorioProtocolos.tsx(529,35): error TS18048: 'data.kpis' is possibly 'undefined'.
client/src/pages/RelatorioProtocolos.tsx(530,36): error TS18048: 'data.kpis' is possibly 'undefined'.
client/src/pages/RelatorioProtocolos.tsx(530,63): error TS18048: 'data.kpis' is possibly 'undefined'.
client/src/pages/RelatoriosBI.tsx(401,19): error TS2322: Type '"muted"' is not assignable to type '"primary" | "success" | "info" | "danger" | "warning" | undefined'.
client/src/pages/RelatoriosBI.tsx(403,45): error TS2345: Argument of type '"terceiros"' is not assignable to parameter of type 'MetricKey'.
client/src/pages/RelatoriosBI.tsx(404,47): error TS2345: Argument of type '"terceiros"' is not assignable to parameter of type 'MetricKey'.
drizzle/schema.ts(1317,31): error TS2304: Cannot find name 'dadosTasy'.
drizzle/schema.ts(1318,37): error TS2304: Cannot find name 'dadosTasy'.
drizzle/schema.ts(1319,37): error TS2304: Cannot find name 'importacoesTasy'.
drizzle/schema.ts(1320,43): error TS2552: Cannot find name 'importacoesTasy'. Did you mean 'importacoesTabela'?
drizzle/schema.ts(1452,36): error TS2304: Cannot find name 'contasPagasTasy'.
drizzle/schema.ts(1453,42): error TS2304: Cannot find name 'contasPagasTasy'.
drizzle/schema.ts(1454,35): error TS2304: Cannot find name 'itensPagosTasy'.
drizzle/schema.ts(1455,41): error TS2304: Cannot find name 'itensPagosTasy'.
drizzle/schema.ts(1646,39): error TS2304: Cannot find name 'procedimentosTasy'.
drizzle/schema.ts(1647,45): error TS2304: Cannot find name 'procedimentosTasy'.
drizzle/schema.ts(1648,33): error TS2304: Cannot find name 'matMedTasy'.
drizzle/schema.ts(1649,32): error TS2304: Cannot find name 'contasTasy'.
drizzle/schema.ts(1650,38): error TS2304: Cannot find name 'contasTasy'.
drizzle/schema.ts(1651,36): error TS2304: Cannot find name 'itensContaTasy'.
drizzle/schema.ts(1652,42): error TS2304: Cannot find name 'itensContaTasy'.
drizzle/schema.ts(1653,47): error TS2304: Cannot find name 'resultadosConciliacaoTasy'.
drizzle/schema.ts(1654,53): error TS2304: Cannot find name 'resultadosConciliacaoTasy'.
drizzle/schema.ts(1655,42): error TS2304: Cannot find name 'itensConciliacaoTasy'.
drizzle/schema.ts(1656,48): error TS2304: Cannot find name 'itensConciliacaoTasy'.
drizzle/schema.ts(1657,49): error TS2304: Cannot find name 'detalhesItensConciliacaoTasy'.
drizzle/schema.ts(1658,55): error TS2304: Cannot find name 'detalhesItensConciliacaoTasy'.
drizzle/schema.ts(2174,34): error TS2304: Cannot find name 'atendimentos'.
server/_core/jobScheduler.ts(197,15): error TS2339: Property 'popularDeWarleine' does not exist on type 'typeof import("C:/Users/sergi/OneDrive/Antigravity/safatle-sistema/server/faturamentoUnificadoService")'.
server/dataSyncEngine.ts(186,10): error TS2554: Expected 2 arguments, but got 3.
server/db.ts(11318,34): error TS2552: Cannot find name 'importacoesTasy'. Did you mean 'getImportacoesTasy'?
server/db.ts(11329,19): error TS2304: Cannot find name 'importacoesTasy'.
server/db.ts(11329,55): error TS2304: Cannot find name 'importacoesTasy'.
server/db.ts(11342,11): error TS2304: Cannot find name 'importacoesTasy'.
server/db.ts(11343,15): error TS2304: Cannot find name 'importacoesTasy'.
server/db.ts(11358,11): error TS2552: Cannot find name 'importacoesTasy'. Did you mean 'getImportacoesTasy'?
server/db.ts(11359,15): error TS2552: Cannot find name 'importacoesTasy'. Did you mean 'getImportacoesTasy'?
server/db.ts(11360,19): error TS2552: Cannot find name 'importacoesTasy'. Did you mean 'getImportacoesTasy'?
server/db.ts(11379,8): error TS2304: Cannot find name 'dadosTasy'.
server/db.ts(11380,8): error TS2304: Cannot find name 'dadosTasy'.
server/db.ts(11384,24): error TS2304: Cannot find name 'dadosTasy'.
server/db.ts(11388,19): error TS2304: Cannot find name 'dadosTasy'.
server/db.ts(11389,11): error TS2304: Cannot find name 'dadosTasy'.
server/db.ts(11434,24): error TS2304: Cannot find name 'dadosTasy'.
server/db.ts(11435,22): error TS2304: Cannot find name 'dadosTasy'.
server/db.ts(11437,15): error TS2304: Cannot find name 'dadosTasy'.
server/db.ts(11439,14): error TS2304: Cannot find name 'dadosTasy'.
server/db.ts(11440,19): error TS2304: Cannot find name 'dadosTasy'.
server/db.ts(11469,23): error TS2304: Cannot find name 'dadosTasy'.
server/db.ts(11477,27): error TS2304: Cannot find name 'dadosTasy'.
server/db.ts(11514,26): error TS2304: Cannot find name 'dadosTasy'.
server/db.ts(11517,27): error TS2304: Cannot find name 'dadosTasy'.
server/db.ts(11520,27): error TS2304: Cannot find name 'dadosTasy'.
server/db.ts(11523,27): error TS2304: Cannot find name 'dadosTasy'.
server/db.ts(11526,24): error TS2304: Cannot find name 'dadosTasy'.
server/db.ts(11529,24): error TS2304: Cannot find name 'dadosTasy'.
server/db.ts(11532,27): error TS2304: Cannot find name 'dadosTasy'.
server/db.ts(11540,11): error TS2304: Cannot find name 'dadosTasy'.
server/db.ts(11542,19): error TS2304: Cannot find name 'dadosTasy'.
server/db.ts(11564,26): error TS2304: Cannot find name 'dadosTasy'.
server/db.ts(11567,27): error TS2304: Cannot find name 'dadosTasy'.
server/db.ts(11570,27): error TS2304: Cannot find name 'dadosTasy'.
server/db.ts(11573,27): error TS2304: Cannot find name 'dadosTasy'.
server/db.ts(11576,24): error TS2304: Cannot find name 'dadosTasy'.
server/db.ts(11581,11): error TS2304: Cannot find name 'dadosTasy'.
server/db.ts(11597,51): error TS2304: Cannot find name 'dadosTasy'.
server/db.ts(11598,52): error TS2304: Cannot find name 'dadosTasy'.
server/db.ts(11599,56): error TS2304: Cannot find name 'dadosTasy'.
server/db.ts(11599,97): error TS2304: Cannot find name 'dadosTasy'.
server/db.ts(11600,57): error TS2304: Cannot find name 'dadosTasy'.
server/db.ts(11600,99): error TS2304: Cannot find name 'dadosTasy'.
server/db.ts(11601,35): error TS2304: Cannot find name 'dadosTasy'.
server/db.ts(11602,35): error TS2304: Cannot find name 'dadosTasy'.
server/db.ts(11603,52): error TS2304: Cannot find name 'dadosTasy'.
server/db.ts(11604,55): error TS2304: Cannot find name 'dadosTasy'.
server/db.ts(11606,11): error TS2304: Cannot find name 'dadosTasy'.
server/db.ts(11607,15): error TS2304: Cannot find name 'dadosTasy'.
server/db.ts(11621,17): error TS2304: Cannot find name 'dadosTasy'.
server/db.ts(11623,51): error TS2304: Cannot find name 'dadosTasy'.
server/db.ts(11624,52): error TS2304: Cannot find name 'dadosTasy'.
server/db.ts(11625,42): error TS2304: Cannot find name 'dadosTasy'.
server/db.ts(11627,11): error TS2304: Cannot find name 'dadosTasy'.
server/db.ts(11628,15): error TS2304: Cannot find name 'dadosTasy'.
server/db.ts(11629,14): error TS2304: Cannot find name 'dadosTasy'.
server/db.ts(11630,34): error TS2304: Cannot find name 'dadosTasy'.
server/db.ts(11642,19): error TS2304: Cannot find name 'dadosTasy'.
server/db.ts(11642,39): error TS2304: Cannot find name 'dadosTasy'.
server/db.ts(11657,19): error TS2304: Cannot find name 'importacoesTasy'.
server/db.ts(11657,45): error TS2304: Cannot find name 'importacoesTasy'.
server/db.ts(11842,33): error TS2304: Cannot find name 'dadosTasy'.
server/db.ts(11845,27): error TS2304: Cannot find name 'dadosTasy'.
server/db.ts(11848,27): error TS2304: Cannot find name 'dadosTasy'.
server/db.ts(11851,27): error TS2304: Cannot find name 'dadosTasy'.
server/db.ts(11854,24): error TS2304: Cannot find name 'dadosTasy'.
server/db.ts(11857,24): error TS2304: Cannot find name 'dadosTasy'.
server/db.ts(11862,11): error TS2304: Cannot find name 'dadosTasy'.
server/db.ts(11864,14): error TS2304: Cannot find name 'dadosTasy'.
server/db.ts(11864,37): error TS2304: Cannot find name 'dadosTasy'.
server/db.ts(12002,17): error TS2304: Cannot find name 'dadosTasy'.
server/db.ts(12004,42): error TS2304: Cannot find name 'dadosTasy'.
server/db.ts(12005,48): error TS2304: Cannot find name 'dadosTasy'.
server/db.ts(12006,46): error TS2304: Cannot find name 'dadosTasy'.
server/db.ts(12008,11): error TS2304: Cannot find name 'dadosTasy'.
server/db.ts(12009,15): error TS2304: Cannot find name 'dadosTasy'.
server/db.ts(12010,14): error TS2304: Cannot find name 'dadosTasy'.
server/db.ts(12046,19): error TS2304: Cannot find name 'dadosTasy'.
server/db.ts(12049,20): error TS2304: Cannot find name 'dadosTasy'.
server/db.ts(12572,13): error TS2304: Cannot find name 'dadosTasy'.
server/db.ts(12574,12): error TS2304: Cannot find name 'dadosTasy'.
server/db.ts(12575,15): error TS2304: Cannot find name 'dadosTasy'.
server/db.ts(12576,15): error TS2304: Cannot find name 'dadosTasy'.
server/db.ts(13977,23): error TS2304: Cannot find name 'contasPagasTasy'.
server/db.ts(14006,26): error TS2304: Cannot find name 'contasPagasTasy'.
server/db.ts(14009,25): error TS2304: Cannot find name 'contasPagasTasy'.
server/db.ts(14012,25): error TS2304: Cannot find name 'contasPagasTasy'.
server/db.ts(14015,24): error TS2304: Cannot find name 'contasPagasTasy'.
server/db.ts(14018,24): error TS2304: Cannot find name 'contasPagasTasy'.
server/db.ts(14021,24): error TS2304: Cannot find name 'contasPagasTasy'.
server/db.ts(14026,11): error TS2304: Cannot find name 'contasPagasTasy'.
server/db.ts(14028,19): error TS2304: Cannot find name 'contasPagasTasy'.
server/db.ts(14056,23): error TS2304: Cannot find name 'itensPagosTasy'.
server/db.ts(14083,26): error TS2304: Cannot find name 'itensPagosTasy'.
server/db.ts(14086,24): error TS2304: Cannot find name 'itensPagosTasy'.
server/db.ts(14089,24): error TS2304: Cannot find name 'itensPagosTasy'.
server/db.ts(14092,24): error TS2304: Cannot find name 'itensPagosTasy'.
server/db.ts(14097,11): error TS2304: Cannot find name 'itensPagosTasy'.
server/db.ts(14099,19): error TS2304: Cannot find name 'itensPagosTasy'.
server/db.ts(14158,34): error TS2304: Cannot find name 'dadosTasy'.
server/db.ts(14165,33): error TS2304: Cannot find name 'dadosTasy'.
server/db.ts(14166,33): error TS2304: Cannot find name 'dadosTasy'.
server/db.ts(14169,35): error TS2304: Cannot find name 'dadosTasy'.
server/db.ts(14172,35): error TS2304: Cannot find name 'dadosTasy'.
server/db.ts(14176,32): error TS2304: Cannot find name 'dadosTasy'.
server/db.ts(14179,32): error TS2304: Cannot find name 'dadosTasy'.
server/db.ts(14182,32): error TS2304: Cannot find name 'dadosTasy'.
server/db.ts(14187,11): error TS2304: Cannot find name 'dadosTasy'.
server/db.ts(14192,31): error TS2304: Cannot find name 'contasPagasTasy'.
server/db.ts(14195,30): error TS2304: Cannot find name 'contasPagasTasy'.
server/db.ts(14198,30): error TS2304: Cannot find name 'contasPagasTasy'.
server/db.ts(14201,29): error TS2304: Cannot find name 'contasPagasTasy'.
server/db.ts(14204,29): error TS2304: Cannot find name 'contasPagasTasy'.
server/db.ts(14209,11): error TS2304: Cannot find name 'contasPagasTasy'.
server/db.ts(14216,11): error TS2304: Cannot find name 'itensPagosTasy'.
server/db.ts(14217,15): error TS2304: Cannot find name 'itensPagosTasy'.
server/db.ts(14457,33): error TS2304: Cannot find name 'contasPagasTasy'.
server/db.ts(14458,11): error TS2304: Cannot find name 'contasPagasTasy'.
server/db.ts(14459,15): error TS2304: Cannot find name 'contasPagasTasy'.
server/db.ts(14476,37): error TS2304: Cannot find name 'dadosTasy'.
server/db.ts(14477,11): error TS2304: Cannot find name 'dadosTasy'.
server/db.ts(14479,10): error TS2304: Cannot find name 'dadosTasy'.
server/db.ts(14480,17): error TS2304: Cannot find name 'dadosTasy'.
server/db.ts(14611,23): error TS2304: Cannot find name 'procedimentosTasy'.
server/db.ts(14618,27): error TS2304: Cannot find name 'procedimentosTasy'.
server/db.ts(14635,14): error TS2304: Cannot find name 'InsertMatMedTasy'.
server/db.ts(14655,23): error TS2304: Cannot find name 'matMedTasy'.
server/db.ts(14662,27): error TS2304: Cannot find name 'matMedTasy'.
server/db.ts(14689,11): error TS2304: Cannot find name 'procedimentosTasy'.
server/db.ts(14691,10): error TS2304: Cannot find name 'procedimentosTasy'.
server/db.ts(14692,10): error TS2304: Cannot find name 'procedimentosTasy'.
server/db.ts(14698,11): error TS2304: Cannot find name 'matMedTasy'.
server/db.ts(14700,10): error TS2304: Cannot find name 'matMedTasy'.
server/db.ts(14701,10): error TS2304: Cannot find name 'matMedTasy'.
server/db.ts(14785,41): error TS2304: Cannot find name 'contasTasy'.
server/db.ts(14811,23): error TS2304: Cannot find name 'itensContaTasy'.
server/db.ts(14829,23): error TS2304: Cannot find name 'itensContaTasy'.
server/db.ts(14868,33): error TS2304: Cannot find name 'contasTasy'.
server/db.ts(14871,24): error TS2304: Cannot find name 'contasTasy'.
server/db.ts(14874,24): error TS2304: Cannot find name 'contasTasy'.
server/db.ts(14877,24): error TS2304: Cannot find name 'contasTasy'.
server/db.ts(14880,24): error TS2304: Cannot find name 'contasTasy'.
server/db.ts(14883,27): error TS2304: Cannot find name 'contasTasy'.
server/db.ts(14886,27): error TS2304: Cannot find name 'contasTasy'.
server/db.ts(14891,33): error TS2304: Cannot find name 'contasTasy'.
server/db.ts(14892,32): error TS2304: Cannot find name 'contasTasy'.
server/db.ts(14894,33): error TS2304: Cannot find name 'contasTasy'.
server/db.ts(14896,32): error TS2304: Cannot find name 'contasTasy'.
server/db.ts(14901,11): error TS2304: Cannot find name 'contasTasy'.
server/db.ts(14903,19): error TS2304: Cannot find name 'contasTasy'.
server/db.ts(14917,11): error TS2304: Cannot find name 'itensContaTasy'.
server/db.ts(14918,15): error TS2304: Cannot find name 'itensContaTasy'.
server/db.ts(14919,14): error TS2304: Cannot find name 'itensContaTasy'.
server/db.ts(14919,39): error TS2304: Cannot find name 'itensContaTasy'.
server/db.ts(14939,33): error TS2304: Cannot find name 'procedimentosTasy'.
server/db.ts(14942,24): error TS2304: Cannot find name 'procedimentosTasy'.
server/db.ts(14945,24): error TS2304: Cannot find name 'procedimentosTasy'.
server/db.ts(14948,24): error TS2304: Cannot find name 'procedimentosTasy'.
server/db.ts(14951,24): error TS2304: Cannot find name 'procedimentosTasy'.
server/db.ts(14956,11): error TS2304: Cannot find name 'procedimentosTasy'.
server/db.ts(14958,19): error TS2304: Cannot find name 'procedimentosTasy'.
server/db.ts(14981,33): error TS2304: Cannot find name 'matMedTasy'.
server/db.ts(14984,24): error TS2304: Cannot find name 'matMedTasy'.
server/db.ts(14987,24): error TS2304: Cannot find name 'matMedTasy'.
server/db.ts(14990,24): error TS2304: Cannot find name 'matMedTasy'.
server/db.ts(14993,24): error TS2304: Cannot find name 'matMedTasy'.
server/db.ts(14996,24): error TS2304: Cannot find name 'matMedTasy'.
server/db.ts(15001,11): error TS2304: Cannot find name 'matMedTasy'.
server/db.ts(15003,19): error TS2304: Cannot find name 'matMedTasy'.
server/db.ts(15017,19): error TS2304: Cannot find name 'contasTasy'.
server/db.ts(15018,11): error TS2304: Cannot find name 'contasTasy'.
server/db.ts(15019,15): error TS2304: Cannot find name 'contasTasy'.
server/db.ts(15024,21): error TS2304: Cannot find name 'itensContaTasy'.
server/db.ts(15024,51): error TS2304: Cannot find name 'itensContaTasy'.
server/db.ts(15028,19): error TS2304: Cannot find name 'contasTasy'.
server/db.ts(15028,40): error TS2304: Cannot find name 'contasTasy'.
server/db.ts(15031,19): error TS2304: Cannot find name 'procedimentosTasy'.
server/db.ts(15031,47): error TS2304: Cannot find name 'procedimentosTasy'.
server/db.ts(15034,19): error TS2304: Cannot find name 'matMedTasy'.
server/db.ts(15034,40): error TS2304: Cannot find name 'matMedTasy'.
server/db.ts(15112,41): error TS2304: Cannot find name 'resultadosConciliacaoTasy'.
server/db.ts(15141,45): error TS2304: Cannot find name 'itensConciliacaoTasy'.
server/db.ts(15193,27): error TS2304: Cannot find name 'detalhesItensConciliacaoTasy'.
server/db.ts(15221,33): error TS2304: Cannot find name 'resultadosConciliacaoTasy'.
server/db.ts(15224,24): error TS2304: Cannot find name 'resultadosConciliacaoTasy'.
server/db.ts(15227,24): error TS2304: Cannot find name 'resultadosConciliacaoTasy'.
server/db.ts(15230,24): error TS2304: Cannot find name 'resultadosConciliacaoTasy'.
server/db.ts(15235,11): error TS2304: Cannot find name 'resultadosConciliacaoTasy'.
server/db.ts(15236,26): error TS2304: Cannot find name 'resultadosConciliacaoTasy'.
server/db.ts(15237,19): error TS2304: Cannot find name 'resultadosConciliacaoTasy'.
server/db.ts(15238,22): error TS2304: Cannot find name 'resultadosConciliacaoTasy'.
server/db.ts(15239,22): error TS2304: Cannot find name 'resultadosConciliacaoTasy'.
server/db.ts(15240,20): error TS2304: Cannot find name 'resultadosConciliacaoTasy'.
server/db.ts(15241,17): error TS2304: Cannot find name 'resultadosConciliacaoTasy'.
server/db.ts(15242,23): error TS2304: Cannot find name 'resultadosConciliacaoTasy'.
server/db.ts(15243,26): error TS2304: Cannot find name 'resultadosConciliacaoTasy'.
server/db.ts(15244,29): error TS2304: Cannot find name 'resultadosConciliacaoTasy'.
server/db.ts(15245,23): error TS2304: Cannot find name 'resultadosConciliacaoTasy'.
server/db.ts(15246,23): error TS2304: Cannot find name 'resultadosConciliacaoTasy'.
server/db.ts(15247,26): error TS2304: Cannot find name 'resultadosConciliacaoTasy'.
server/db.ts(15248,23): error TS2304: Cannot find name 'resultadosConciliacaoTasy'.
server/db.ts(15249,24): error TS2304: Cannot find name 'resultadosConciliacaoTasy'.
server/db.ts(15250,27): error TS2304: Cannot find name 'resultadosConciliacaoTasy'.
server/db.ts(15251,15): error TS2304: Cannot find name 'resultadosConciliacaoTasy'.
server/db.ts(15252,20): error TS2304: Cannot find name 'resultadosConciliacaoTasy'.
server/db.ts(15253,18): error TS2304: Cannot find name 'resultadosConciliacaoTasy'.
server/db.ts(15255,11): error TS2304: Cannot find name 'resultadosConciliacaoTasy'.
server/db.ts(15257,19): error TS2304: Cannot find name 'resultadosConciliacaoTasy'.
server/db.ts(15300,11): error TS2304: Cannot find name 'resultadosConciliacaoTasy'.
server/db.ts(15301,15): error TS2304: Cannot find name 'resultadosConciliacaoTasy'.
server/db.ts(15309,33): error TS2304: Cannot find name 'itensConciliacaoTasy'.
server/db.ts(15312,24): error TS2304: Cannot find name 'itensConciliacaoTasy'.
server/db.ts(15317,14): error TS2304: Cannot find name 'itensConciliacaoTasy'.
server/db.ts(15318,14): error TS2304: Cannot find name 'itensConciliacaoTasy'.
server/db.ts(15319,14): error TS2304: Cannot find name 'itensConciliacaoTasy'.
server/db.ts(15327,11): error TS2304: Cannot find name 'itensConciliacaoTasy'.
server/db.ts(15333,11): error TS2304: Cannot find name 'itensConciliacaoTasy'.
server/db.ts(15335,19): error TS2304: Cannot find name 'itensConciliacaoTasy'.
server/db.ts(15351,11): error TS2304: Cannot find name 'detalhesItensConciliacaoTasy'.
server/db.ts(15352,15): error TS2304: Cannot find name 'detalhesItensConciliacaoTasy'.
server/db.ts(15353,14): error TS2304: Cannot find name 'detalhesItensConciliacaoTasy'.
server/db.ts(15353,53): error TS2304: Cannot find name 'detalhesItensConciliacaoTasy'.
server/db.ts(15366,21): error TS2304: Cannot find name 'itensConciliacaoTasy'.
server/db.ts(15367,13): error TS2304: Cannot find name 'itensConciliacaoTasy'.
server/db.ts(15368,17): error TS2304: Cannot find name 'itensConciliacaoTasy'.
server/db.ts(15373,23): error TS2304: Cannot find name 'detalhesItensConciliacaoTasy'.
server/db.ts(15373,67): error TS2304: Cannot find name 'detalhesItensConciliacaoTasy'.
server/db.ts(15377,21): error TS2304: Cannot find name 'itensConciliacaoTasy'.
server/db.ts(15377,52): error TS2304: Cannot find name 'itensConciliacaoTasy'.
server/db.ts(15380,21): error TS2304: Cannot find name 'resultadosConciliacaoTasy'.
server/db.ts(15380,57): error TS2304: Cannot find name 'resultadosConciliacaoTasy'.
server/db.ts(15402,22): error TS2304: Cannot find name 'resultadosConciliacaoTasy'.
server/db.ts(15403,22): error TS2304: Cannot find name 'resultadosConciliacaoTasy'.
server/db.ts(15404,38): error TS2304: Cannot find name 'resultadosConciliacaoTasy'.
server/db.ts(15405,35): error TS2304: Cannot find name 'resultadosConciliacaoTasy'.
server/db.ts(15406,41): error TS2304: Cannot find name 'resultadosConciliacaoTasy'.
server/db.ts(15407,44): error TS2304: Cannot find name 'resultadosConciliacaoTasy'.
server/db.ts(15408,47): error TS2304: Cannot find name 'resultadosConciliacaoTasy'.
server/db.ts(15409,41): error TS2304: Cannot find name 'resultadosConciliacaoTasy'.
server/db.ts(15410,41): error TS2304: Cannot find name 'resultadosConciliacaoTasy'.
server/db.ts(15411,44): error TS2304: Cannot find name 'resultadosConciliacaoTasy'.
server/db.ts(15413,11): error TS2304: Cannot find name 'resultadosConciliacaoTasy'.
server/db.ts(15414,15): error TS2304: Cannot find name 'resultadosConciliacaoTasy'.
server/db.ts(15415,14): error TS2304: Cannot find name 'resultadosConciliacaoTasy'.
server/db.ts(15415,55): error TS2304: Cannot find name 'resultadosConciliacaoTasy'.
server/db.ts(15416,19): error TS2304: Cannot find name 'resultadosConciliacaoTasy'.
server/db.ts(15416,66): error TS2304: Cannot find name 'resultadosConciliacaoTasy'.
server/db.ts(15678,14): error TS2304: Cannot find name 'InsertFaturadoTasy'.
server/db.ts(15764,37): error TS2339: Property 'cdItem' does not exist on type 'MySqlTableWithColumns<{ name: "faturado_tasy_mock"; schema: undefined; columns: { id: MySqlColumn<{ name: "id"; tableName: "faturado_tasy_mock"; dataType: "number"; columnType: "MySqlInt"; data: number; driverParam: string | number; ... 8 more ...; generated: undefined; }, {}, {}>; ... 12 more ...; descricao: MySqlC...'.
server/db.ts(15780,32): error TS2339: Property 'createdAt' does not exist on type 'MySqlTableWithColumns<{ name: "faturado_tasy_mock"; schema: undefined; columns: { id: MySqlColumn<{ name: "id"; tableName: "faturado_tasy_mock"; dataType: "number"; columnType: "MySqlInt"; data: number; driverParam: string | number; ... 8 more ...; generated: undefined; }, {}, {}>; ... 12 more ...; descricao: MySqlC...'.
server/db.ts(15879,67): error TS2339: Property 'aReceber' does not exist on type 'MySqlTableWithColumns<{ name: "faturado_tasy_mock"; schema: undefined; columns: { id: MySqlColumn<{ name: "id"; tableName: "faturado_tasy_mock"; dataType: "number"; columnType: "MySqlInt"; data: number; driverParam: string | number; ... 8 more ...; generated: undefined; }, {}, {}>; ... 12 more ...; descricao: MySqlC...'.
server/db.ts(15972,28): error TS2339: Property 'importacaoId' does not exist on type 'MySqlTableWithColumns<{ name: "faturado_tasy_mock"; schema: undefined; columns: { id: MySqlColumn<{ name: "id"; tableName: "faturado_tasy_mock"; dataType: "number"; columnType: "MySqlInt"; data: number; driverParam: string | number; ... 8 more ...; generated: undefined; }, {}, {}>; ... 12 more ...; descricao: MySqlC...'.
server/db.ts(16145,67): error TS2339: Property 'aReceber' does not exist on type 'MySqlTableWithColumns<{ name: "faturado_tasy_mock"; schema: undefined; columns: { id: MySqlColumn<{ name: "id"; tableName: "faturado_tasy_mock"; dataType: "number"; columnType: "MySqlInt"; data: number; driverParam: string | number; ... 8 more ...; generated: undefined; }, {}, {}>; ... 12 more ...; descricao: MySqlC...'.
server/db.ts(16296,27): error TS2339: Property 'qtd' does not exist on type '{ id: number; estabelecimentoId: number | null; conta: string | null; convenio: string | null; competencia: string | null; atend: string | null; protocolo: string | null; setor: string | null; ... 5 more ...; descricao: string | null; }'.
server/db.ts(16302,20): error TS2339: Property 'sequencia' does not exist on type '{ id: number; estabelecimentoId: number | null; conta: string | null; convenio: string | null; competencia: string | null; atend: string | null; protocolo: string | null; setor: string | null; ... 5 more ...; descricao: string | null; }'.
server/db.ts(16304,23): error TS2339: Property 'dtItem' does not exist on type '{ id: number; estabelecimentoId: number | null; conta: string | null; convenio: string | null; competencia: string | null; atend: string | null; protocolo: string | null; setor: string | null; ... 5 more ...; descricao: string | null; }'.
server/db.ts(16307,20): error TS2339: Property 'dtItem' does not exist on type '{ id: number; estabelecimentoId: number | null; conta: string | null; convenio: string | null; competencia: string | null; atend: string | null; protocolo: string | null; setor: string | null; ... 5 more ...; descricao: string | null; }'.
server/db.ts(16308,17): error TS2339: Property 'cdItem' does not exist on type '{ id: number; estabelecimentoId: number | null; conta: string | null; convenio: string | null; competencia: string | null; atend: string | null; protocolo: string | null; setor: string | null; ... 5 more ...; descricao: string | null; }'.
server/db.ts(16309,25): error TS2339: Property 'cdItemTuss' does not exist on type '{ id: number; estabelecimentoId: number | null; conta: string | null; convenio: string | null; competencia: string | null; atend: string | null; protocolo: string | null; setor: string | null; ... 5 more ...; descricao: string | null; }'.
server/db.ts(16317,22): error TS2339: Property 'motivoGlosa' does not exist on type '{ id: number; estabelecimentoId: number | null; conta: string | null; convenio: string | null; competencia: string | null; atend: string | null; protocolo: string | null; setor: string | null; ... 5 more ...; descricao: string | null; }'.
server/db.ts(16618,5): error TS2322: Type '{ id: number; tipoItem: string | null; cdItem: any; cdItemTuss: any; descricao: string; profExec: string; qtd: number; vlFaturado: number; vlPago: number; vlGlosa: number; motivoGlosa: any; dtItem: any; }[]' is not assignable to type '{ id: number; tipoItem: string; cdItem: string; cdItemTuss: string; descricao: string; profExec: string; qtd: number; vlFaturado: number; vlPago: number; vlGlosa: number; motivoGlosa: string; dtItem: Date | null; }[]'.
  Type '{ id: number; tipoItem: string | null; cdItem: any; cdItemTuss: any; descricao: string; profExec: string; qtd: number; vlFaturado: number; vlPago: number; vlGlosa: number; motivoGlosa: any; dtItem: any; }' is not assignable to type '{ id: number; tipoItem: string; cdItem: string; cdItemTuss: string; descricao: string; profExec: string; qtd: number; vlFaturado: number; vlPago: number; vlGlosa: number; motivoGlosa: string; dtItem: Date | null; }'.
    Types of property 'tipoItem' are incompatible.
      Type 'string | null' is not assignable to type 'string'.
        Type 'null' is not assignable to type 'string'.
server/db.ts(16627,19): error TS2339: Property 'cdItem' does not exist on type '{ id: number; estabelecimentoId: number | null; conta: string | null; convenio: string | null; competencia: string | null; atend: string | null; protocolo: string | null; setor: string | null; ... 5 more ...; descricao: string | null; }'.
server/db.ts(16628,23): error TS2339: Property 'cdItemTuss' does not exist on type '{ id: number; estabelecimentoId: number | null; conta: string | null; convenio: string | null; competencia: string | null; atend: string | null; protocolo: string | null; setor: string | null; ... 5 more ...; descricao: string | null; }'.
server/db.ts(16631,25): error TS2339: Property 'qtd' does not exist on type '{ id: number; estabelecimentoId: number | null; conta: string | null; convenio: string | null; competencia: string | null; atend: string | null; protocolo: string | null; setor: string | null; ... 5 more ...; descricao: string | null; }'.
server/db.ts(16635,24): error TS2339: Property 'motivoGlosa' does not exist on type '{ id: number; estabelecimentoId: number | null; conta: string | null; convenio: string | null; competencia: string | null; atend: string | null; protocolo: string | null; setor: string | null; ... 5 more ...; descricao: string | null; }'.
server/db.ts(16636,19): error TS2339: Property 'dtItem' does not exist on type '{ id: number; estabelecimentoId: number | null; conta: string | null; convenio: string | null; competencia: string | null; atend: string | null; protocolo: string | null; setor: string | null; ... 5 more ...; descricao: string | null; }'.
server/routers/tasyRouter.ts(207,11): error TS18004: No value exists in scope for the shorthand property 'totalProvisorio'. Either declare one or provide an initializer.
server/routers/tasyRouter.ts(211,11): error TS18004: No value exists in scope for the shorthand property 'totalMedico'. Either declare one or provide an initializer.
server/routers/tasyRouter.ts(212,11): error TS18004: No value exists in scope for the shorthand property 'qtdTotal'. Either declare one or provide an initializer.
server/routers/tasyRouter.ts(213,11): error TS18004: No value exists in scope for the shorthand property 'qtdGlosados'. Either declare one or provide an initializer.
server/routers/tasyRouter.ts(214,11): error TS18004: No value exists in scope for the shorthand property 'taxaGlosa'. Either declare one or provide an initializer.
server/services/comparadorPadroes.ts(316,57): error TS7006: Parameter 'p' implicitly has an 'any' type.
server/services/comparadorPadroes.ts(347,40): error TS7006: Parameter 'p' implicitly has an 'any' type.
server/services/comparadorPadroes.ts(348,50): error TS7006: Parameter 'p' implicitly has an 'any' type.
server/services/comparadorPadroes.ts(397,38): error TS7006: Parameter 'p' implicitly has an 'any' type.
server/services/comparadorPadroes.ts(398,48): error TS7006: Parameter 'p' implicitly has an 'any' type.
server/services/comparadorPadroes.ts(440,44): error TS2339: Property 'taxaGlosa' does not exist on type '{}'.
server/services/comparadorPadroes.ts(441,34): error TS2339: Property 'nivelRisco' does not exist on type '{}'.
server/services/comparadorPadroes.ts(451,29): error TS2339: Property 'id' does not exist on type '{}'.
server/services/comparadorPadroes.ts(457,45): error TS2339: Property 'codigosGlosaFrequentes' does not exist on type '{}'.
server/services/comparadorPadroes.ts(499,60): error TS7006: Parameter 'p' implicitly has an 'any' type.
server/services/comparadorPadroes.ts(506,87): error TS7006: Parameter 'c' implicitly has an 'any' type.
server/services/comparadorPadroes.ts(507,54): error TS7006: Parameter 'c' implicitly has an 'any' type.
server/services/comparadorPadroes.ts(508,51): error TS7006: Parameter 'c' implicitly has an 'any' type.
server/services/comparadorPadroes.ts(526,40): error TS7006: Parameter 'g' implicitly has an 'any' type.
server/services/comparadorPadroes.ts(550,23): error TS7006: Parameter 'a' implicitly has an 'any' type.
server/services/comparadorPadroes.ts(550,26): error TS7006: Parameter 'b' implicitly has an 'any' type.
server/services/comparadorPadroes.ts(553,93): error TS7006: Parameter 'c' implicitly has an 'any' type.
server/services/comparadorPadroes.ts(604,84): error TS7006: Parameter 'c' implicitly has an 'any' type.
server/services/comparadorPadroes.ts(606,60): error TS7006: Parameter 'c' implicitly has an 'any' type.
server/test_drizzle.ts(1,23): error TS2307: Cannot find module './db/index.js' or its corresponding type declarations.
